{#2620
  +"data": null
  +"meta": null
  +"errors": array:1 [
    0 => {#2626
      +"code": "UNAUTHENTICATED"
      +"message": "Unauthenticated."
    }
  ]
} // vendor\laravel\framework\src\Illuminate\Testing\TestResponse.php:1839

   FAIL  Tests\Feature\Auth\LogoutTest
  Ô¿» it cierraÔÇª  0.35s  
  Ô£ô it devuelvÔÇª 0.02s  
  ÔöÇÔöÇÔöÇÔöÇÔöÇÔöÇÔöÇÔöÇÔöÇÔöÇÔöÇÔöÇÔöÇÔöÇÔöÇÔöÇÔöÇÔöÇÔöÇ  
   FAILED  Tests\FeÔÇª   
  Expected response status code [401] but received 200.
Failed asserting that 200 is identical to 401.

  at tests\Feature\Auth\LogoutTest.php:16
     12Ôûò     $this->withHeaders([
     13Ôûò         'Authorization' => "Bearer {$token}",
     14Ôûò         'Accept' => 'application/json',
     15Ôûò     ])->getJson('/api/v1/me')
  Ô×£  16Ôûò         ->assertStatus(401);
     17Ôûò });
     18Ôûò 
     19Ôûò it('devuelve 401 al cerrar sesi├│n sin autenticaci├│n', function () {
     20Ôûò     $this->postJson('/api/v1/auth/logout')


  Tests:    1 failed, 1 passed (4 assertions)
  Duration: 0.56s

